npm : npm warn config production Use `--omit=dev` instead.
At line:1 char:1
+ npm run build > build-output.log 2>&1; Get-Content build-output.log
+ ~~~~~~~~~~~~~~~~~~~~~~~~~~~~~~~~~~~~~
    + CategoryInfo          : NotSpecified: (npm warn config...t=dev` instead.:String) [], R 
   emoteException
    + FullyQualifiedErrorId : NativeCommandError
 

> aniother-1@0.1.0 build
> next build

≡ƒöì [NEXT.CONFIG] Loading production configuration...
  NODE_ENV: production
  NEXT_PUBLIC_API_URL: https://honestneeds-backend.onrender.com/api
Γû▓ Next.js 16.2.2 (Turbopack)
- Environments: .env.local, .env.production
- Experiments (use with caution):
  ┬╖ optimizePackageImports

ΓÜá The "middleware" file convention is deprecated. Please use "proxy" instead. Learn more: 
https://nextjs.org/docs/messages/middleware-to-proxy
  Creating an optimized production build ...
≡ƒöì [NEXT.CONFIG] Loading production configuration...
  NODE_ENV: production
  NEXT_PUBLIC_API_URL: https://honestneeds-backend.onrender.com/api
